# submimo review log
time: 2026-09-14T00:18:22+08:00
mode: review
agent: aiwork-review
repo: /tmp/aiwork-review-workspaces/submimo.LdrKybYq/repo
task: /tmp/aiwork-review-workspaces/submimo.LdrKybYq/repo/.submimo-task-1090659.md
model: xiaomi/mimo-v2.5-pro

[0m
> aiwork-review · mimo-v2.5-pro
[0m
[0m→ [0mRead report.py
[0m→ [0mRead store.py
[0m
[0m$ [0mcd /tmp/aiwork-review-workspaces/submimo.LdrKybYq/repo && git diff HEAD~1..HEAD --name-only
report.py
store.py
[0m
[0m$ [0mcd /tmp/aiwork-review-workspaces/submimo.LdrKybYq/repo && python3 -c "
import json, tempfile, os

# Simulate the scenario: two events with same timestamp
data1 = {'name': 'first', 'timestamp': '100'}
data2 = {'name': 'second', 'timestamp': '100'}

# Write in file order: first, then second (second is 'appended last')
f = tempfile.NamedTemporaryFile(mode='w', suffix='.jsonl', delete=False)
f.write(json.dumps(data1) + '\n')
f.write(json.dumps(data2) + '\n')
f.close()

# What does max return?
events = [json.loads(line) for line in open(f.name) if line.strip()]
result = max(events, key=lambda e: int(e['timestamp']))
print('max returns:', result['name'])
print('Expected (last appended): second')
print('Match:', result['name'] == 'second')
os.unlink(f.name)
"

max returns: first
Expected (last appended): second
Match: False
[0m
[0m$ [0mcd /tmp/aiwork-review-workspaces/submimo.LdrKybYq/repo && python3 -c "
# Verify: Python max() returns FIRST element with maximum key
# per docs: if multiple items are maximal, the function returns the first one encountered
items = [('a', 5), ('b', 5), ('c', 3)]
result = max(items, key=lambda x: x[1])
print('max with ties returns:', result[0])  # Should be 'a' (first encountered)
"

max with ties returns: a
[0m
## F3 复核判定

**F3: CONFIRMED** — `report.py:15` 使用 `max(events, key=...)` 取最大时间戳，Python 的 `max()` 在多个元素的 key 相同时**返回第一个遇到的元素**（即文件中最先出现的那条）。当需求为"按时间取最近一条"时，同秒并列应返回最后追加的那条，但实际返回的是最早追加的那条。

**证据**（亲自运行）：
1. 读取 `report.py:15`：`return max(events, key=lambda e: int(e["timestamp"]))["name"]`
2. 构造两条 timestamp 相同的事件（`name='first'` 先写入，`name='second'` 后写入），调用 `max()` 后返回 `'first'`，而非期望的 `'second'`。
3. Python 官方文档确认：多个最大值时 `max()` 返回首个遇到的。

**补充分析**：此问题由本次改动引入（`report.py` 为本次新增文件）。"同秒并列返回最早一条"在需求"按时间取最近一条"下确实构成缺陷——应返回最后追加的那条（`events[-1]` among ties，或改用 `reversed` 后取 `max`，或直接取 `events[-1]` 若已按时间排序）。

---

**Conclusion: BLOCK**
