# panel-review 花名册(2026-08-23 13:10:44)task=task
# PASS = 进程 rc=0,**不等于给了裁决**;off = 这条腿压根没派(不许读成通过)。
# impact-risk=standard requested-budget=1 selected-count=1
# selected=submimo(xiaomi/submimo)
# escalation=none
# snapshot=head:3753055
# 日志:/tmp/tmp.dOIP51An7p/raw/normal.*.log
submimo=PASS(verdict=PASS) subdeepseek=SKIP(rotation) subglm=SKIP(rotation) subkimi=SKIP(rotation) subgemini=SKIP(rotation) subgrok=SKIP(rotation)
