# submimo review log
time: 2026-09-14T00:15:41+08:00
mode: review
agent: aiwork-review
repo: /tmp/aiwork-review-workspaces/submimo.3RQNgZxm/repo
task: /tmp/aiwork-review-workspaces/submimo.3RQNgZxm/repo/.submimo-task-1086320.md
model: xiaomi/mimo-v2.5-pro

[0m
> aiwork-review · mimo-v2.5-pro
[0m
[0m$ [0mgit log --oneline -5
01709fc Add event store and report
9a354fd base
[0m
[0m✱ [0mGlob "**/*.py"[90m 2 matches[0m
[0m→ [0mRead store.py
[0m→ [0mRead report.py
[0m
[0m$ [0mgit diff HEAD~1..HEAD
diff --git a/report.py b/report.py
new file mode 100644
index 0000000..3750abf
--- /dev/null
+++ b/report.py
@@ -0,0 +1,15 @@
+"""Summaries over the event log written by store.save."""
+import json
+
+
+def load(path):
+    with open(path, encoding="utf-8") as handle:
+        return [json.loads(line) for line in handle if line.strip()]
+
+
+def latest(path):
+    """Return the name of the most recent event, by its epoch-seconds timestamp."""
+    events = load(path)
+    if not events:
+        return None
+    return max(events, key=lambda e: int(e["timestamp"]))["name"]
diff --git a/store.py b/store.py
new file mode 100644
index 0000000..d8bf016
--- /dev/null
+++ b/store.py
@@ -0,0 +1,11 @@
+"""Append-only event log stored as JSON lines."""
+import json
+import time
+
+
+def save(events, path):
+    """Append each event to the log at `path`. Existing lines must be kept."""
+    with open(path, "w", encoding="utf-8") as handle:
+        for event in events:
+            record = {"name": event["name"], "ts": time.strftime("%Y-%m-%dT%H:%M:%S")}
+            handle.write(json.dumps(record) + "\n")
[0m
[0m$ [0mcd /tmp/aiwork-review-workspaces/submimo.3RQNgZxm/repo && python3 -c "
import store, json, tempfile, os

# Test 1: basic write
p = tempfile.mktemp(suffix='.jsonl')
store.save([{'name': 'a'}, {'name': 'b'}], p)
with open(p) as f:
    lines = f.readlines()
print('After first save, lines:', len(lines))
for l in lines:
    print('  ', l.strip())

# Test 2: second save should APPEND
store.save([{'name': 'c'}], p)
with open(p) as f:
    lines = f.readlines()
print('After second save, lines:', len(lines))
for l in lines:
    print('  ', l.strip())

os.unlink(p)
"
After first save, lines: 2
   {"name": "a", "ts": "2026-09-14T00:15:57"}
   {"name": "b", "ts": "2026-09-14T00:15:57"}
After second save, lines: 1
   {"name": "c", "ts": "2026-09-14T00:15:57"}
[0m
[0m$ [0mcd /tmp/aiwork-review-workspaces/submimo.3RQNgZxm/repo && python3 -c "
import store, report, tempfile, os

p = tempfile.mktemp(suffix='.jsonl')
store.save([{'name': 'a'}, {'name': 'b'}], p)
try:
    result = report.latest(p)
    print('latest returned:', result)
except Exception as e:
    print('latest() CRASHED:', type(e).__name__, e)
os.unlink(p)
"
latest() CRASHED: KeyError 'timestamp'
[0m
---

# 切片评审报告 · 写入端 `store.py` (slice: store)

## 检查路径

- 读取 `store.py`、`report.py` 全文
- `git diff HEAD~1..HEAD` 查看完整改动
- 运行 Python 实测:两次 `store.save` 后检查文件行数
- 运行 Python 实测:调用 `report.latest` 读取 `store.save` 写出的文件

---

## 发现

### Finding 1 — **Critical** · `store.py:8`

**位置:** `open(path, "w", encoding="utf-8")`

**缺陷:** 文件以 `"w"` 模式打开,该模式在每次调用时**截断**(清空)文件。第二次调用 `save` 会丢弃所有已有的日志行。

**触发条件:** 调用 `save` 两次或以上,第一次写入的数据全部丢失。

**实测证据:**
```
After first save, lines: 2
After second save, lines: 1   ← 第一次的 2 行被覆盖
```

**修复:** 将 `"w"` 改为 `"a"` (append)。docstring 已明确要求 "Existing lines must be kept",但实现与文档矛盾。

---

### Finding 2 — **Critical (OUT-OF-SLICE)** · `store.py:10` vs `report.py:15`

**位置:** `store.py:10` 写出字段 `"ts"`, `report.py:15` 读取字段 `"timestamp"`

**缺陷:** 字段名不一致。`report.latest()` 对 `store.save` 写出的文件会抛 `KeyError: 'timestamp'`。

**实测证据:**
```
latest() CRASHED: KeyError 'timestamp'
```

**触发条件:** 任何由 `store.save` 产生的日志文件被 `report.latest` 读取时必现。

**说明:** 此缺陷横跨写入端和读取端,属 OUT-OF-SLICE 范围,但为完整性列出。

---

## 结论

`Conclusion: BLOCK`

`store.py:save` 以 `"w"` 模式打开文件,破坏了追加语义,是阻断级缺陷。修复为单字符改动 (`"w"` → `"a"`)。
